../Core/Src/main.cpp:69:5:int main()	16	static
../Core/Src/main.cpp:126:6:void SystemClock_Config()	88	static
../Core/Src/main.cpp:174:13:void MX_SPI1_Init()	8	static
../Core/Src/main.cpp:212:13:void MX_USART2_UART_Init()	8	static
../Core/Src/main.cpp:245:13:void MX_GPIO_Init()	48	static
../Core/Src/main.cpp:285:6:void Error_Handler()	4	static,ignoring_inline_asm
../Core/Src/main.cpp:294:1:void __static_initialization_and_destruction_0(int, int)	16	static
../Core/Src/main.cpp:294:1:cpp)	8	static
